#1 [resolver] fetching image...docker.io/library/debian:bookworm-slim
#1 DONE 0.0s

#2 [internal] load .dockerignore
#2 transferring context: 2B done
#2 DONE 0.0s

#3 oci-layout://docker.io/library/debian:bookworm-slim@sha256:60eac759739651111db372c07be67863818726f754804b8707c90979bda511df
#3 resolve docker.io/library/debian:bookworm-slim@sha256:60eac759739651111db372c07be67863818726f754804b8707c90979bda511df 0.0s done
#3 DONE 0.0s

#4 [linux/arm64 1/9] RUN apt-get update && apt-get install -y --no-install-recommends         gcc make bc bison flex libssl-dev libelf-dev         curl xz-utils ca-certificates cpio gzip busybox-static         qemu-system-arm     && rm -rf /var/lib/apt/lists/*
#4 CACHED

#5 [linux/arm64/v8 2/9] WORKDIR /src
#5 CACHED

#6 [linux/arm64 3/9] RUN curl -fsSL "https://cdn.kernel.org/pub/linux/kernel/v6.x/linux-6.6.52.tar.xz"         | tar xJ --strip-components=1
#6 CACHED

#7 [linux/arm64 4/9] RUN make ARCH=arm64 defconfig     && make ARCH=arm64 -j"$(nproc)" Image     && ls -l arch/arm64/boot/Image
#7 CACHED

#8 [linux/arm64 5/9] RUN mkdir -p /ir/bin /ir/proc /ir/sys /ir/dev     && cp /bin/busybox /ir/bin/busybox     && ln -s busybox /ir/bin/sh     && printf '#!/bin/sh\n/bin/busybox mount -t proc none /proc 2>/dev/null\necho "tiny-kernel-userspace-ok arch=$(/bin/busybox uname -m) kver=$(/bin/busybox uname -r)"\n/bin/busybox poweroff -f\n' > /ir/init     && chmod +x /ir/init     && ( cd /ir && find . | cpio -o -H newc 2>/dev/null | gzip > /initramfs.cpio.gz )     && ls -l /initramfs.cpio.gz
#8 CACHED

#9 [linux/arm64 6/9] RUN timeout 300 qemu-system-aarch64 -M virt -cpu cortex-a57 -smp 2 -m 512         -nographic -no-reboot -nic none         -kernel arch/arm64/boot/Image -initrd /initramfs.cpio.gz         -append "console=ttyAMA0 panic=-1 rdinit=/init" 2>&1 | tee /boot.log;     grep -q 'tiny-kernel-userspace-ok' /boot.log         && echo "from-source kernel booted to userspace"
#9 0.459 [    0.000000] Booting Linux on physical CPU 0x0000000000 [0x411fd070]
#9 0.460 [    0.000000] Linux version 6.6.52 (root@buildkitsandbox) (gcc (Debian 12.2.0-14+deb12u1) 12.2.0, GNU ld (GNU Binutils for Debian) 2.40) #1 SMP PREEMPT Sun Jun 28 19:51:37 UTC 2026
#9 0.460 [    0.000000] KASLR enabled
#9 0.460 [    0.000000] random: crng init done
#9 0.460 [    0.000000] Machine model: linux,dummy-virt
#9 0.460 [    0.000000] efi: UEFI not found.
#9 0.460 [    0.000000] NUMA: No NUMA configuration found
#9 0.460 [    0.000000] NUMA: Faking a node at [mem 0x0000000040000000-0x000000005fffffff]
#9 0.460 [    0.000000] NUMA: NODE_DATA [mem 0x5fef19c0-0x5fef3fff]
#9 0.460 [    0.000000] Zone ranges:
#9 0.460 [    0.000000]   DMA      [mem 0x0000000040000000-0x000000005fffffff]
#9 0.460 [    0.000000]   DMA32    empty
#9 0.460 [    0.000000]   Normal   empty
#9 0.460 [    0.000000] Movable zone start for each node
#9 0.460 [    0.000000] Early memory node ranges
#9 0.460 [    0.000000]   node   0: [mem 0x0000000040000000-0x000000005fffffff]
#9 0.460 [    0.000000] Initmem setup node 0 [mem 0x0000000040000000-0x000000005fffffff]
#9 0.460 [    0.000000] cma: Reserved 32 MiB at 0x000000005d600000 on node -1
#9 0.460 [    0.000000] psci: probing for conduit method from DT.
#9 0.460 [    0.000000] psci: PSCIv1.1 detected in firmware.
#9 0.460 [    0.000000] psci: Using standard PSCI v0.2 function IDs
#9 0.460 [    0.000000] psci: Trusted OS migration not required
#9 0.461 [    0.000000] psci: SMC Calling Convention v1.0
#9 0.461 [    0.000000] percpu: Embedded 22 pages/cpu s50792 r8192 d31128 u90112
#9 0.461 [    0.000000] Detected PIPT I-cache on CPU0
#9 0.461 [    0.000000] CPU features: detected: Spectre-v2
#9 0.461 [    0.000000] CPU features: detected: Spectre-v3a
#9 0.461 [    0.000000] CPU features: detected: Spectre-v4
#9 0.461 [    0.000000] CPU features: detected: Spectre-BHB
#9 0.461 [    0.000000] CPU features: kernel page table isolation forced ON by KASLR
#9 0.461 [    0.000000] CPU features: detected: Kernel page table isolation (KPTI)
#9 0.461 [    0.000000] CPU features: detected: ARM erratum 834220
#9 0.461 [    0.000000] CPU features: detected: ARM erratum 1742098
#9 0.461 [    0.000000] CPU features: detected: ARM erratum 832075
#9 0.461 [    0.000000] CPU features: detected: ARM errata 1165522, 1319367, or 1530923
#9 0.461 [    0.000000] alternatives: applying boot alternatives
#9 0.461 [    0.000000] Kernel command line: console=ttyAMA0 panic=-1 rdinit=/init
#9 0.461 [    0.000000] Dentry cache hash table entries: 65536 (order: 7, 524288 bytes, linear)
#9 0.461 [    0.000000] Inode-cache hash table entries: 32768 (order: 6, 262144 bytes, linear)
#9 0.461 [    0.000000] Fallback order for Node 0: 0 
#9 0.461 [    0.000000] Built 1 zonelists, mobility grouping on.  Total pages: 129024
#9 0.462 [    0.000000] Policy zone: DMA
#9 0.462 [    0.000000] mem auto-init: stack:all(zero), heap alloc:off, heap free:off
#9 0.462 [    0.000000] software IO TLB: area num 2.
#9 0.462 [    0.000000] software IO TLB: mapped [mem 0x00000000595c0000-0x000000005d5c0000] (64MB)
#9 0.462 [    0.000000] Memory: 371476K/524288K available (16704K kernel code, 4278K rwdata, 10584K rodata, 9152K init, 605K bss, 120044K reserved, 32768K cma-reserved)
#9 0.462 [    0.000000] SLUB: HWalign=64, Order=0-3, MinObjects=0, CPUs=2, Nodes=1
#9 0.462 [    0.000000] rcu: Preemptible hierarchical RCU implementation.
#9 0.462 [    0.000000] rcu: 	RCU event tracing is enabled.
#9 0.462 [    0.000000] rcu: 	RCU restricting CPUs from NR_CPUS=256 to nr_cpu_ids=2.
#9 0.462 [    0.000000] 	Trampoline variant of Tasks RCU enabled.
#9 0.462 [    0.000000] 	Tracing variant of Tasks RCU enabled.
#9 0.462 [    0.000000] rcu: RCU calculated value of scheduler-enlistment delay is 25 jiffies.
#9 0.462 [    0.000000] rcu: Adjusting geometry for rcu_fanout_leaf=16, nr_cpu_ids=2
#9 0.462 [    0.000000] NR_IRQS: 64, nr_irqs: 64, preallocated irqs: 0
#9 0.462 [    0.000000] Root IRQ handler: gic_handle_irq
#9 0.462 [    0.000000] GICv2m: range[mem 0x08020000-0x08020fff], SPI[80:143]
#9 0.462 [    0.000000] rcu: srcu_init: Setting srcu_struct sizes based on contention.
#9 0.462 [    0.000000] arch_timer: cp15 timer(s) running at 62.50MHz (virt).
#9 0.462 [    0.000000] clocksource: arch_sys_counter: mask: 0x1ffffffffffffff max_cycles: 0x1cd42e208c, max_idle_ns: 881590405314 ns
#9 0.463 [    0.000052] sched_clock: 57 bits at 63MHz, resolution 16ns, wraps every 4398046511096ns
#9 0.463 [    0.007165] Console: colour dummy device 80x25
#9 0.463 [    0.008999] Calibrating delay loop (skipped), value calculated using timer frequency.. 125.00 BogoMIPS (lpj=250000)
#9 0.463 [    0.009134] pid_max: default: 32768 minimum: 301
#9 0.463 [    0.010333] LSM: initializing lsm=capability,integrity
#9 0.463 [    0.012381] Mount-cache hash table entries: 1024 (order: 1, 8192 bytes, linear)
#9 0.463 [    0.012434] Mountpoint-cache hash table entries: 1024 (order: 1, 8192 bytes, linear)
#9 0.463 [    0.032701] cacheinfo: Unable to detect cache hierarchy for CPU 0
#9 0.463 [    0.041839] RCU Tasks: Setting shift to 1 and lim to 1 rcu_task_cb_adjust=1.
#9 0.463 [    0.042504] RCU Tasks Trace: Setting shift to 1 and lim to 1 rcu_task_cb_adjust=1.
#9 0.463 [    0.043776] rcu: Hierarchical SRCU implementation.
#9 0.463 [    0.043814] rcu: 	Max phase no-delay instances is 1000.
#9 0.463 [    0.047053] EFI services will not be available.
#9 0.464 [    0.048570] smp: Bringing up secondary CPUs ...
#9 0.464 [    0.051937] Detected PIPT I-cache on CPU1
#9 0.464 [    0.052830] CPU1: Booted secondary processor 0x0000000001 [0x411fd070]
#9 0.464 [    0.056733] smp: Brought up 1 node, 2 CPUs
#9 0.464 [    0.056787] SMP: Total of 2 processors activated.
#9 0.464 [    0.056850] CPU features: detected: 32-bit EL0 Support
#9 0.464 [    0.056871] CPU features: detected: 32-bit EL1 Support
#9 0.464 [    0.056920] CPU features: detected: CRC32 instructions
#9 0.464 [    0.058811] CPU: All CPU(s) started at EL1
#9 0.464 [    0.058978] alternatives: applying system-wide alternatives
#9 0.464 [    0.074751] devtmpfs: initialized
#9 0.464 [    0.087044] clocksource: jiffies: mask: 0xffffffff max_cycles: 0xffffffff, max_idle_ns: 7645041785100000 ns
#9 0.464 [    0.087221] futex hash table entries: 512 (order: 3, 32768 bytes, linear)
#9 0.464 [    0.090811] pinctrl core: initialized pinctrl subsystem
#9 0.464 [    0.098202] DMI not present or invalid.
#9 0.464 [    0.105920] NET: Registered PF_NETLINK/PF_ROUTE protocol family
#9 0.464 [    0.114088] DMA: preallocated 128 KiB GFP_KERNEL pool for atomic allocations
#9 0.465 [    0.114770] DMA: preallocated 128 KiB GFP_KERNEL|GFP_DMA pool for atomic allocations
#9 0.465 [    0.114981] DMA: preallocated 128 KiB GFP_KERNEL|GFP_DMA32 pool for atomic allocations
#9 0.465 [    0.115290] audit: initializing netlink subsys (disabled)
#9 0.465 [    0.117230] audit: type=2000 audit(0.080:1): state=initialized audit_enabled=0 res=1
#9 0.465 [    0.120978] thermal_sys: Registered thermal governor 'step_wise'
#9 0.465 [    0.121028] thermal_sys: Registered thermal governor 'power_allocator'
#9 0.465 [    0.121428] cpuidle: using governor menu
#9 0.465 [    0.122433] hw-breakpoint: found 6 breakpoint and 4 watchpoint registers.
#9 0.465 [    0.123244] ASID allocator initialised with 32768 entries
#9 0.465 [    0.127801] Serial: AMBA PL011 UART driver
#9 0.465 [    0.160971] 9000000.pl011: ttyAMA0 at MMIO 0x9000000 (irq = 13, base_baud = 0) is a PL011 rev1
#9 0.465 [    0.161990] printk: console [ttyAMA0] enabled
#9 0.475 [    0.178764] Modules: 2G module region forced by RANDOMIZE_MODULE_REGION_FULL
#9 0.475 [    0.178941] Modules: 0 pages in range for non-PLT usage
#9 0.481 [    0.178967] Modules: 513904 pages in range for PLT usage
#9 0.481 [    0.184075] HugeTLB: registered 1.00 GiB page size, pre-allocated 0 pages
#9 0.481 [    0.184276] HugeTLB: 0 KiB vmemmap can be freed for a 1.00 GiB page
#9 0.481 [    0.184366] HugeTLB: registered 32.0 MiB page size, pre-allocated 0 pages
#9 0.481 [    0.184426] HugeTLB: 0 KiB vmemmap can be freed for a 32.0 MiB page
#9 0.481 [    0.184490] HugeTLB: registered 2.00 MiB page size, pre-allocated 0 pages
#9 0.481 [    0.184593] HugeTLB: 0 KiB vmemmap can be freed for a 2.00 MiB page
#9 0.481 [    0.184714] HugeTLB: registered 64.0 KiB page size, pre-allocated 0 pages
#9 0.481 [    0.184780] HugeTLB: 0 KiB vmemmap can be freed for a 64.0 KiB page
#9 0.490 [    0.193412] ACPI: Interpreter disabled.
#9 0.496 [    0.199412] iommu: Default domain type: Translated
#9 0.496 [    0.199560] iommu: DMA domain TLB invalidation policy: strict mode
#9 0.497 [    0.200774] SCSI subsystem initialized
#9 0.500 [    0.203322] usbcore: registered new interface driver usbfs
#9 0.500 [    0.203674] usbcore: registered new interface driver hub
#9 0.500 [    0.203947] usbcore: registered new device driver usb
#9 0.502 [    0.205608] pps_core: LinuxPPS API ver. 1 registered
#9 0.502 [    0.205725] pps_core: Software ver. 5.3.6 - Copyright 2005-2007 Rodolfo Giometti <giometti@linux.it>
#9 0.502 [    0.205883] PTP clock support registered
#9 0.503 [    0.206515] EDAC MC: Ver: 3.0.0
#9 0.506 [    0.209098] scmi_core: SCMI protocol bus registered
#9 0.508 [    0.211312] FPGA manager framework
#9 0.509 [    0.212237] Advanced Linux Sound Architecture Driver Initialized.
#9 0.518 [    0.221379] vgaarb: loaded
#9 0.521 [    0.224157] clocksource: Switched to clocksource arch_sys_counter
#9 0.522 [    0.225423] VFS: Disk quotas dquot_6.6.0
#9 0.522 [    0.225658] VFS: Dquot-cache hash table entries: 512 (order 0, 4096 bytes)
#9 0.527 [    0.230190] pnp: PnP ACPI: disabled
#9 0.563 [    0.266763] NET: Registered PF_INET protocol family
#9 0.565 [    0.268168] IP idents hash table entries: 8192 (order: 4, 65536 bytes, linear)
#9 0.568 [    0.271874] tcp_listen_portaddr_hash hash table entries: 256 (order: 0, 4096 bytes, linear)
#9 0.569 [    0.272194] Table-perturb hash table entries: 65536 (order: 6, 262144 bytes, linear)
#9 0.569 [    0.272488] TCP established hash table entries: 4096 (order: 3, 32768 bytes, linear)
#9 0.569 [    0.272752] TCP bind hash table entries: 4096 (order: 5, 131072 bytes, linear)
#9 0.570 [    0.273008] TCP: Hash tables configured (established 4096 bind 4096)
#9 0.571 [    0.274038] UDP hash table entries: 256 (order: 1, 8192 bytes, linear)
#9 0.571 [    0.274351] UDP-Lite hash table entries: 256 (order: 1, 8192 bytes, linear)
#9 0.572 [    0.275362] NET: Registered PF_UNIX/PF_LOCAL protocol family
#9 0.576 [    0.279341] RPC: Registered named UNIX socket transport module.
#9 0.576 [    0.279522] RPC: Registered udp transport module.
#9 0.576 [    0.279594] RPC: Registered tcp transport module.
#9 0.576 [    0.279742] RPC: Registered tcp-with-tls transport module.
#9 0.576 [    0.279834] RPC: Registered tcp NFSv4.1 backchannel transport module.
#9 0.577 [    0.280050] PCI: CLS 0 bytes, default 64
#9 0.580 [    0.283679] Unpacking initramfs...
#9 0.581 [    0.284966] kvm [1]: HYP mode not available
#9 0.590 [    0.293414] Initialise system trusted keyrings
#9 0.592 [    0.295678] workingset: timestamp_bits=42 max_order=17 bucket_order=0
#9 0.595 [    0.298408] squashfs: version 4.0 (2009/01/31) Phillip Lougher
#9 0.598 [    0.301027] NFS: Registering the id_resolver key type
#9 0.598 [    0.301567] Key type id_resolver registered
#9 0.598 [    0.301651] Key type id_legacy registered
#9 0.598 [    0.301953] nfs4filelayout_init: NFSv4 File Layout Driver Registering...
#9 0.599 [    0.302199] nfs4flexfilelayout_init: NFSv4 Flexfile Layout Driver Registering...
#9 0.601 [    0.303913] 9p: Installing v9fs 9p2000 file system support
#9 0.628 [    0.331335] Freeing initrd memory: 964K
#9 0.638 [    0.341193] Key type asymmetric registered
#9 0.638 [    0.341413] Asymmetric key parser 'x509' registered
#9 0.638 [    0.341830] Block layer SCSI generic (bsg) driver version 0.4 loaded (major 245)
#9 0.638 [    0.341998] io scheduler mq-deadline registered
#9 0.639 [    0.342095] io scheduler kyber registered
#9 0.639 [    0.342612] io scheduler bfq registered
#9 0.662 [    0.365013] pl061_gpio 9030000.pl061: PL061 GPIO chip registered
#9 0.667 [    0.370770] pci-host-generic 4010000000.pcie: host bridge /pcie@10000000 ranges:
#9 0.668 [    0.371455] pci-host-generic 4010000000.pcie:       IO 0x003eff0000..0x003effffff -> 0x0000000000
#9 0.668 [    0.371947] pci-host-generic 4010000000.pcie:      MEM 0x0010000000..0x003efeffff -> 0x0010000000
#9 0.669 [    0.372435] pci-host-generic 4010000000.pcie:      MEM 0x8000000000..0xffffffffff -> 0x8000000000
#9 0.669 [    0.373038] pci-host-generic 4010000000.pcie: Memory resource size exceeds max for 32 bits
#9 0.670 [    0.373715] pci-host-generic 4010000000.pcie: ECAM at [mem 0x4010000000-0x401fffffff] for [bus 00-ff]
#9 0.671 [    0.374822] pci-host-generic 4010000000.pcie: PCI host bridge to bus 0000:00
#9 0.672 [    0.375097] pci_bus 0000:00: root bus resource [bus 00-ff]
#9 0.672 [    0.375217] pci_bus 0000:00: root bus resource [io  0x0000-0xffff]
#9 0.672 [    0.375322] pci_bus 0000:00: root bus resource [mem 0x10000000-0x3efeffff]
#9 0.672 [    0.375393] pci_bus 0000:00: root bus resource [mem 0x8000000000-0xffffffffff]
#9 0.673 [    0.376762] pci 0000:00:00.0: [1b36:0008] type 00 class 0x060000
#9 0.683 [    0.386463] EINJ: ACPI disabled.
#9 0.738 [    0.441875] Serial: 8250/16550 driver, 4 ports, IRQ sharing enabled
#9 0.746 [    0.449641] SuperH (H)SCI(F) driver initialized
#9 0.747 [    0.450615] msm_serial: driver initialized
#9 0.749 [    0.452243] STM32 USART driver initialized
#9 0.776 [    0.479333] loop: module loaded
#9 0.779 [    0.482617] megasas: 07.725.01.00-rc1
#9 0.785 [    0.488536] physmap-flash 0.flash: physmap platform flash device: [mem 0x00000000-0x03ffffff]
#9 0.787 [    0.489934] 0.flash: Found 2 x16 devices at 0x0 in 32-bit bank. Manufacturer ID 0x000000 Chip ID 0x000000
#9 0.787 [    0.490418] Intel/Sharp Extended Query Table at 0x0031
#9 0.788 [    0.491317] Using buffer write method
#9 0.789 [    0.492339] physmap-flash 0.flash: physmap platform flash device: [mem 0x04000000-0x07ffffff]
#9 0.790 [    0.493007] 0.flash: Found 2 x16 devices at 0x0 in 32-bit bank. Manufacturer ID 0x000000 Chip ID 0x000000
#9 0.790 [    0.493252] Intel/Sharp Extended Query Table at 0x0031
#9 0.790 [    0.493770] Using buffer write method
#9 0.790 [    0.494008] Concatenating MTD devices:
#9 0.792 [    0.495325] (0): "0.flash"
#9 0.792 [    0.495462] (1): "0.flash"
#9 0.792 [    0.495508] into device "0.flash"
#9 0.820 [    0.523083] tun: Universal TUN/TAP device driver, 1.6
#9 0.822 [    0.525520] thunder_xcv, ver 1.0
#9 0.822 [    0.525627] thunder_bgx, ver 1.0
#9 0.822 [    0.525713] nicpf, ver 1.0
#9 0.824 [    0.527938] hns3: Hisilicon Ethernet Network Driver for Hip08 Family - version
#9 0.825 [    0.528136] hns3: Copyright (c) 2017 Huawei Corporation.
#9 0.825 [    0.528596] hclge is initializing
#9 0.825 [    0.528799] e1000: Intel(R) PRO/1000 Network Driver
#9 0.825 [    0.528855] e1000: Copyright (c) 1999-2006 Intel Corporation.
#9 0.826 [    0.529183] e1000e: Intel(R) PRO/1000 Network Driver
#9 0.826 [    0.529292] e1000e: Copyright(c) 1999 - 2015 Intel Corporation.
#9 0.826 [    0.529477] igb: Intel(R) Gigabit Ethernet Network Driver
#9 0.826 [    0.529556] igb: Copyright (c) 2007-2014 Intel Corporation.
#9 0.826 [    0.529837] igbvf: Intel(R) Gigabit Virtual Function Network Driver
#9 0.826 [    0.529919] igbvf: Copyright (c) 2009 - 2012 Intel Corporation.
#9 0.827 [    0.530639] sky2: driver version 1.30
#9 0.831 [    0.534148] VFIO - User Level meta-driver version: 0.3
#9 0.836 [    0.539176] usbcore: registered new interface driver usb-storage
#9 0.844 [    0.547860] rtc-pl031 9010000.pl031: registered as rtc0
#9 0.846 [    0.548774] rtc-pl031 9010000.pl031: setting system clock to 2026-06-28T19:55:44 UTC (1782676544)
#9 0.847 [    0.550806] i2c_dev: i2c /dev entries driver
#9 0.860 [    0.563255] sdhci: Secure Digital Host Controller Interface driver
#9 0.860 [    0.563411] sdhci: Copyright(c) Pierre Ossman
#9 0.861 [    0.564835] Synopsys Designware Multimedia Card Interface Driver
#9 0.863 [    0.566417] sdhci-pltfm: SDHCI platform and OF driver helper
#9 0.867 [    0.570903] ledtrig-cpu: registered to indicate activity on CPUs
#9 0.872 [    0.575694] usbcore: registered new interface driver usbhid
#9 0.872 [    0.575815] usbhid: USB HID core driver
#9 0.880 [    0.583701] hw perfevents: enabled with armv8_pmuv3 PMU driver, 7 counters available
#9 0.890 [    0.593606] NET: Registered PF_PACKET protocol family
#9 0.891 [    0.594746] 9pnet: Installing 9P2000 support
#9 0.892 [    0.595091] Key type dns_resolver registered
#9 0.911 [    0.614053] registered taskstats version 1
#9 0.912 [    0.615055] Loading compiled-in X.509 certificates
#9 0.933 [    0.636765] input: gpio-keys as /devices/platform/gpio-keys/input/input0
#9 0.942 [    0.645279] clk: Disabling unused clocks
#9 0.942 [    0.645858] ALSA device list:
#9 0.942 [    0.646000]   No soundcards found.
#9 0.946 [    0.649080] uart-pl011 9000000.pl011: no DMA platform data
#9 1.020 [    0.723132] Freeing unused kernel memory: 9152K
#9 1.021 [    0.724328] Run /init as init process
#9 1.101 tiny-kernel-userspace-ok arch=aarch64 kver=6.6.52
#9 1.110 [    0.813916] Flash device refused suspend due to active operation (state 20)
#9 1.111 [    0.814104] Flash device refused suspend due to active operation (state 20)
#9 1.111 [    0.814773] reboot: Power down
#9 1.118 from-source kernel booted to userspace
#9 DONE 1.1s

#10 [linux/arm64 7/9] RUN { echo "Linux 6.6.52 aarch64, built from source";       grep -m1 'tiny-kernel-userspace-ok' /boot.log; } > /done
#10 DONE 0.1s

#11 [linux/arm64 8/9] RUN printf 'BINSIZE %s Image\n' "$(stat -c %s arch/arm64/boot/Image)"
#11 0.045 BINSIZE 41867776 Image
#11 DONE 0.0s

#12 exporting to oci image format
#12 exporting layers
#12 exporting layers 30.9s done
#12 exporting manifest sha256:0499b0e59971435ac69502fda6b41d981a93a370bea8dc584aabb01406a62364 done
#12 exporting config sha256:c4e7922e61bb63dbe69ac9eb79d4ea6f17a8235264857a823bf136e3f21620d2 done
#12 exporting manifest list sha256:8eb30018d2d00d2e3152f3090da723470e87766b06b41f419e1d8ec8c5a40739 done
#12 sending tarball
#12 sending tarball 5.3s done
#12 DONE 36.2s
Successfully built tinylang/kernel-aarch64:latest
